2026-05-19 22:12:47,285 - INFO - =======================================
2026-05-19 22:12:47,285 - INFO - Starting test session
2026-05-19 22:12:47,285 - INFO - Reading Configuration
2026-05-19 22:12:47,285 - INFO - Browser from config : chrome
2026-05-19 22:12:47,285 - INFO - Base URL From Config : https://www.apollo247.com/
2026-05-19 22:12:47,286 - INFO - Headless : False
2026-05-19 22:12:47,292 - INFO - ====== WebDriver manager ======
2026-05-19 22:12:50,156 - INFO - Get LATEST chromedriver version for google-chrome
2026-05-19 22:12:50,591 - INFO - Get LATEST chromedriver version for google-chrome
2026-05-19 22:12:51,004 - INFO - Driver [C:\Users\kumar\.wdm\drivers\chromedriver\win64\148.0.7778.167\chromedriver-win32/chromedriver.exe] found in cache
2026-05-19 22:12:52,361 - INFO - Open Browser : chrome
2026-05-19 22:12:54,569 - INFO - URL Loaded : https://www.apollo247.com/
2026-05-19 22:12:57,424 - INFO - Trying login with mobile number: 6202615433
2026-05-19 22:12:57,424 - INFO - Starting login with mobile number
2026-05-19 22:12:57,424 - INFO - Opening login popup
2026-05-19 22:12:57,424 - INFO - Checking popup on page
2026-05-19 22:12:59,433 - INFO - Clicking the element: ('xpath', "//*[contains(text(),'Login') or contains(text(),'Sign in') or contains(text(),'Sign In')]")
2026-05-19 22:12:59,433 - INFO - Locating the element: ('xpath', "//*[contains(text(),'Login') or contains(text(),'Sign in') or contains(text(),'Sign In')]")
2026-05-19 22:12:59,538 - INFO - Login clicked using normal Selenium click
2026-05-19 22:13:01,538 - INFO - Entering mobile number automatically: 6202615433
2026-05-19 22:13:01,538 - INFO - Locating the element: ('xpath', '//input')
2026-05-19 22:13:02,654 - INFO - Clicking Continue button
2026-05-19 22:13:02,655 - INFO - Clicking the element: ('xpath', "//button[contains(text(),'Continue')]")
2026-05-19 22:13:02,655 - INFO - Locating the element: ('xpath', "//button[contains(text(),'Continue')]")
2026-05-19 22:13:05,799 - INFO - Checking OTP screen
2026-05-19 22:13:05,799 - INFO - Checking visibility of element: ('xpath', "//*[contains(text(),'OTP') or contains(text(),'otp') or contains(text(),'Resend') or contains(text(),'sent')]")
2026-05-19 22:13:05,799 - INFO - Locating the element: ('xpath', "//*[contains(text(),'OTP') or contains(text(),'otp') or contains(text(),'Resend') or contains(text(),'sent')]")
2026-05-19 22:13:05,819 - INFO - Waiting for OTP entry
2026-05-19 22:13:15,721 - INFO - OTP entered manually
2026-05-19 22:13:15,722 - INFO - Submitting OTP
2026-05-19 22:13:15,791 - INFO - OTP submitted using Enter key
2026-05-19 22:13:17,792 - INFO - OTP entered and submitted successfully
2026-05-19 22:13:17,793 - INFO - Test passed: test_login[data0]
2026-05-19 22:13:17,793 - INFO - Starting screenshot capture process
2026-05-19 22:13:17,793 - INFO - Screenshots directory created successfully
2026-05-19 22:13:17,932 - INFO - Screenshot captured successfully: C:\CapstoneProject\ApolloAutomation\reports\screenshots\passed_test_login_data0__20260519_221317.png
2026-05-19 22:13:19,285 - INFO - Checking popup on page
2026-05-19 22:13:19,289 - INFO - Checking visibility of element: ('xpath', "//*[normalize-space()='Health Monitors']")
2026-05-19 22:13:19,289 - INFO - Locating the element: ('xpath', "//*[normalize-space()='Health Monitors']")
2026-05-19 22:13:19,318 - INFO - Test passed: test_shop_by_category_data[data0]
2026-05-19 22:13:19,318 - INFO - Starting screenshot capture process
2026-05-19 22:13:19,472 - INFO - Screenshot captured successfully: C:\CapstoneProject\ApolloAutomation\reports\screenshots\passed_test_shop_by_category_data_data0__20260519_221319.png
2026-05-19 22:13:20,412 - INFO - Checking popup on page
2026-05-19 22:13:20,416 - INFO - Checking visibility of element: ('xpath', "//*[normalize-space()='Pain Relief']")
2026-05-19 22:13:20,417 - INFO - Locating the element: ('xpath', "//*[normalize-space()='Pain Relief']")
2026-05-19 22:13:20,443 - INFO - Test passed: test_shop_by_category_data[data1]
2026-05-19 22:13:20,443 - INFO - Starting screenshot capture process
2026-05-19 22:13:20,595 - INFO - Screenshot captured successfully: C:\CapstoneProject\ApolloAutomation\reports\screenshots\passed_test_shop_by_category_data_data1__20260519_221320.png
2026-05-19 22:13:21,583 - INFO - Checking popup on page
2026-05-19 22:13:21,587 - INFO - Checking visibility of element: ('xpath', "//*[normalize-space()='Baby Care']")
2026-05-19 22:13:21,587 - INFO - Locating the element: ('xpath', "//*[normalize-space()='Baby Care']")
2026-05-19 22:13:21,614 - INFO - Test passed: test_shop_by_category_data[data2]
2026-05-19 22:13:21,615 - INFO - Starting screenshot capture process
2026-05-19 22:13:21,772 - INFO - Screenshot captured successfully: C:\CapstoneProject\ApolloAutomation\reports\screenshots\passed_test_shop_by_category_data_data2__20260519_221321.png
2026-05-19 22:13:22,982 - INFO - Checking popup on page
2026-05-19 22:13:22,987 - INFO - Checking visibility of element: ('xpath', "//*[normalize-space()='Fake Category']")
2026-05-19 22:13:22,988 - INFO - Locating the element: ('xpath', "//*[normalize-space()='Fake Category']")
2026-05-19 22:13:25,203 - INFO - Test passed: test_shop_by_category_data[data3]
2026-05-19 22:13:25,203 - INFO - Starting screenshot capture process
2026-05-19 22:13:25,352 - INFO - Screenshot captured successfully: C:\CapstoneProject\ApolloAutomation\reports\screenshots\passed_test_shop_by_category_data_data3__20260519_221325.png
2026-05-19 22:13:26,181 - INFO - Checking popup on page
2026-05-19 22:13:26,281 - INFO - Checking visibility of element: ('xpath', "//*[normalize-space()='Invalid Product']")
2026-05-19 22:13:26,282 - INFO - Locating the element: ('xpath', "//*[normalize-space()='Invalid Product']")
2026-05-19 22:13:28,513 - INFO - Test passed: test_shop_by_category_data[data4]
2026-05-19 22:13:28,514 - INFO - Starting screenshot capture process
2026-05-19 22:13:28,652 - INFO - Screenshot captured successfully: C:\CapstoneProject\ApolloAutomation\reports\screenshots\passed_test_shop_by_category_data_data4__20260519_221328.png
2026-05-19 22:13:29,479 - INFO - Opening Health Monitors category
2026-05-19 22:13:29,479 - INFO - Checking popup on page
2026-05-19 22:13:29,484 - INFO - Scrolling to element: ('xpath', "//*[normalize-space()='Health Monitors']")
2026-05-19 22:13:29,484 - INFO - Locating the element: ('xpath', "//*[normalize-space()='Health Monitors']")
2026-05-19 22:13:30,509 - INFO - Locating the element: ('xpath', "//*[normalize-space()='Health Monitors']")
2026-05-19 22:13:35,603 - INFO - Health Monitors click failed: Message: 

2026-05-19 22:13:35,603 - INFO - Opening Health Monitors page directly
2026-05-19 22:13:42,417 - INFO - Validating Health Monitors page
2026-05-19 22:13:42,421 - INFO - Current URL is: https://www.apollopharmacy.in/shop-by-category/apollo-brand-health-monitors
2026-05-19 22:13:42,422 - INFO - Test passed: test_click_health_monitors_category
2026-05-19 22:13:42,422 - INFO - Starting screenshot capture process
2026-05-19 22:13:42,505 - INFO - Screenshot captured successfully: C:\CapstoneProject\ApolloAutomation\reports\screenshots\passed_test_click_health_monitors_category_20260519_221342.png
2026-05-19 22:13:44,583 - INFO - Opening Health Monitors category
2026-05-19 22:13:44,583 - INFO - Checking popup on page
2026-05-19 22:13:44,588 - INFO - Scrolling to element: ('xpath', "//*[normalize-space()='Health Monitors']")
2026-05-19 22:13:44,588 - INFO - Locating the element: ('xpath', "//*[normalize-space()='Health Monitors']")
2026-05-19 22:13:45,620 - INFO - Locating the element: ('xpath', "//*[normalize-space()='Health Monitors']")
2026-05-19 22:13:50,699 - INFO - Health Monitors click failed: Message: 

2026-05-19 22:13:50,700 - INFO - Opening Health Monitors page directly
2026-05-19 22:13:55,497 - INFO - Validating Health Monitors page
2026-05-19 22:13:55,502 - INFO - Current URL is: https://www.apollopharmacy.in/shop-by-category/apollo-brand-health-monitors
2026-05-19 22:13:55,502 - INFO - Checking Brands filter visibility
2026-05-19 22:13:55,502 - INFO - Checking visibility of element: ('xpath', "//label[@for='checkboxcategory0']//h3[normalize-space()='Brands']")
2026-05-19 22:13:55,502 - INFO - Locating the element: ('xpath', "//label[@for='checkboxcategory0']//h3[normalize-space()='Brands']")
2026-05-19 22:13:55,522 - INFO - Applying Doctor S Choice brand filter
2026-05-19 22:13:55,522 - INFO - Checking popup on page
2026-05-19 22:13:55,526 - INFO - Opening Brands filter
2026-05-19 22:13:55,526 - INFO - Checking popup on page
2026-05-19 22:13:55,530 - INFO - Scrolling to element: ('xpath', "//label[@for='checkboxcategory0']")
2026-05-19 22:13:55,530 - INFO - Locating the element: ('xpath', "//label[@for='checkboxcategory0']")
2026-05-19 22:13:55,546 - INFO - Clicking the element: ('xpath', "//label[@for='checkboxcategory0']")
2026-05-19 22:13:55,546 - INFO - Locating the element: ('xpath', "//label[@for='checkboxcategory0']")
2026-05-19 22:13:58,646 - INFO - Doctor S Choice filter clicked successfully
2026-05-19 22:14:03,647 - INFO - Validating Health Monitors page
2026-05-19 22:14:03,652 - INFO - Current URL is: https://www.apollopharmacy.in/shop-by-category/apollo-brand-health-monitors
2026-05-19 22:14:03,652 - INFO - Test passed: test_apply_doctor_s_choice_filter_after_health_monitors
2026-05-19 22:14:03,652 - INFO - Starting screenshot capture process
2026-05-19 22:14:03,750 - INFO - Screenshot captured successfully: C:\CapstoneProject\ApolloAutomation\reports\screenshots\passed_test_apply_doctor_s_choice_filter_after_health_monitors_20260519_221403.png
2026-05-19 22:14:05,777 - INFO - Opening Health Monitors category
2026-05-19 22:14:05,777 - INFO - Checking popup on page
2026-05-19 22:14:05,792 - INFO - Scrolling to element: ('xpath', "//*[normalize-space()='Health Monitors']")
2026-05-19 22:14:05,793 - INFO - Locating the element: ('xpath', "//*[normalize-space()='Health Monitors']")
2026-05-19 22:14:06,853 - INFO - Locating the element: ('xpath', "//*[normalize-space()='Health Monitors']")
2026-05-19 22:14:11,933 - INFO - Health Monitors click failed: Message: 

2026-05-19 22:14:11,933 - INFO - Opening Health Monitors page directly
2026-05-19 22:14:16,361 - INFO - Validating Health Monitors page
2026-05-19 22:14:16,368 - INFO - Current URL is: https://www.apollopharmacy.in/shop-by-category/apollo-brand-health-monitors
2026-05-19 22:14:16,368 - INFO - Applying Doctor S Choice brand filter
2026-05-19 22:14:16,368 - INFO - Checking popup on page
2026-05-19 22:14:16,372 - INFO - Opening Brands filter
2026-05-19 22:14:16,372 - INFO - Checking popup on page
2026-05-19 22:14:16,375 - INFO - Scrolling to element: ('xpath', "//label[@for='checkboxcategory0']")
2026-05-19 22:14:16,375 - INFO - Locating the element: ('xpath', "//label[@for='checkboxcategory0']")
2026-05-19 22:14:16,394 - INFO - Clicking the element: ('xpath', "//label[@for='checkboxcategory0']")
2026-05-19 22:14:16,394 - INFO - Locating the element: ('xpath', "//label[@for='checkboxcategory0']")
2026-05-19 22:14:19,489 - INFO - Doctor S Choice filter clicked successfully
2026-05-19 22:14:24,490 - INFO - Adding one Doctor S Choice product to cart
2026-05-19 22:14:24,490 - INFO - Checking popup on page
2026-05-19 22:14:24,495 - INFO - Finding first available Add button
2026-05-19 22:14:24,547 - INFO - Available Add button found
2026-05-19 22:14:25,557 - INFO - Getting product name from selected product card
2026-05-19 22:14:25,569 - INFO - Selected product name: Apollo Pharmacy Blood Glucose Test Strips, 50 Count
2026-05-19 22:14:25,569 - INFO - Product selected for cart: Apollo Pharmacy Blood Glucose Test Strips, 50 Count
2026-05-19 22:14:25,617 - INFO - Clicked Add button only once
2026-05-19 22:14:30,618 - INFO - Opening cart
2026-05-19 22:14:30,618 - INFO - Checking popup on page
2026-05-19 22:14:30,624 - INFO - Clicking the element: ('xpath', "//*[contains(@href,'cart') or contains(@class,'cart') or contains(text(),'Cart')]")
2026-05-19 22:14:30,624 - INFO - Locating the element: ('xpath', "//*[contains(@href,'cart') or contains(@class,'cart') or contains(text(),'Cart')]")
2026-05-19 22:14:35,573 - INFO - Checking cart page
2026-05-19 22:14:35,578 - INFO - Checking exact product in cart: Apollo Pharmacy Blood Glucose Test Strips, 50 Count
2026-05-19 22:14:37,579 - INFO - Checking whether cart is empty
2026-05-19 22:14:37,658 - ERROR - Exact product not found in cart
2026-05-19 22:14:37,799 - ERROR - Test failed: test_add_doctor_s_choice_product_to_cart
2026-05-19 22:14:37,799 - INFO - Starting screenshot capture process
2026-05-19 22:14:37,854 - INFO - Screenshot captured successfully: C:\CapstoneProject\ApolloAutomation\reports\screenshots\failed_test_add_doctor_s_choice_product_to_cart_20260519_221437.png
2026-05-19 22:14:37,862 - INFO - Waiting 6 seconds before closing browser
2026-05-19 22:14:46,229 - INFO - Closing the browser
2026-05-19 22:14:46,230 - INFO - Ending test session
2026-05-19 22:14:46,230 - INFO - ============================================
