2026-05-23 12:11:11,955 - INFO - ============================================
2026-05-23 12:11:11,956 - INFO - AUTOMATION EXECUTION STARTED
2026-05-23 12:11:11,956 - INFO - Execution timestamp: 20260523_121111
2026-05-23 12:11:11,957 - INFO - Running command: behave -f allure_behave.formatter:AllureFormatter -o reports\allure-results features
2026-05-23 12:11:12,762 - INFO - =======================================
2026-05-23 12:11:12,762 - INFO - BDD AUTOMATION EXECUTION STARTED
2026-05-23 12:11:12,763 - INFO - Browser from config: chrome
2026-05-23 12:11:12,763 - INFO - Headless mode: False
2026-05-23 12:11:12,769 - INFO - ====== WebDriver manager ======
2026-05-23 12:11:14,924 - INFO - Driver [C:\Users\kumar\.wdm\drivers\chromedriver\win64\148.0.7778.178\chromedriver-win64/chromedriver.exe] found in cache by browser version
2026-05-23 12:11:15,848 - INFO - Chrome browser launched successfully
2026-05-23 12:11:15,852 - INFO - ------------------------------------------------
2026-05-23 12:11:15,853 - INFO - Scenario started: Login with valid mobile number and OTP
2026-05-23 12:11:15,854 - INFO - ------------------------------------------------
2026-05-23 12:11:19,030 - INFO - Starting login with mobile number
2026-05-23 12:11:19,033 - INFO - Opening login popup
2026-05-23 12:11:19,034 - INFO - Checking popup on page
2026-05-23 12:11:21,104 - INFO - Clicking element: ('xpath', "//*[contains(text(),'Login') or contains(text(),'Sign in') or contains(text(),'Sign In')]")
2026-05-23 12:11:21,104 - INFO - Locating element: ('xpath', "//*[contains(text(),'Login') or contains(text(),'Sign in') or contains(text(),'Sign In')]")
2026-05-23 12:11:23,696 - INFO - Locating element: ('xpath', '//input')
2026-05-23 12:11:24,798 - INFO - Clicking element: ('xpath', "//button[contains(text(),'Continue')]")
2026-05-23 12:11:24,798 - INFO - Locating element: ('xpath', "//button[contains(text(),'Continue')]")
2026-05-23 12:11:27,965 - INFO - Checking OTP screen
2026-05-23 12:11:27,965 - INFO - Locating element: ('xpath', "//*[contains(text(),'OTP') or contains(text(),'otp') or contains(text(),'Resend') or contains(text(),'sent')]")
2026-05-23 12:11:27,992 - INFO - Waiting for OTP entry
2026-05-23 12:11:40,144 - INFO - OTP entered manually
2026-05-23 12:11:40,188 - INFO - OTP submitted using Enter key
2026-05-23 12:11:42,191 - INFO - ------------------------------------------------
2026-05-23 12:11:42,191 - INFO - Scenario finished: Login with valid mobile number and OTP
2026-05-23 12:11:42,191 - INFO - Scenario status: passed
2026-05-23 12:11:42,192 - INFO - ------------------------------------------------
2026-05-23 12:11:42,382 - INFO - Screenshot captured successfully: C:\CapstoneProject\BBD_Apollo\reports\screenshots\passed_login_with_valid_mobile_number_and_otp_20260523_121142.png
2026-05-23 12:11:42,396 - INFO - Screenshot attached to Allure report
2026-05-23 12:11:42,402 - INFO - Log file attached to Allure report
2026-05-23 12:11:42,407 - INFO - ------------------------------------------------
2026-05-23 12:11:42,407 - INFO - Scenario started: Validate category visibility -- @1.1 
2026-05-23 12:11:42,407 - INFO - ------------------------------------------------
2026-05-23 12:11:44,505 - INFO - Checking popup on page
2026-05-23 12:11:44,514 - INFO - Locating element: ('xpath', "//*[normalize-space()='Health Monitors']")
2026-05-23 12:11:44,682 - INFO - ------------------------------------------------
2026-05-23 12:11:44,682 - INFO - Scenario finished: Validate category visibility -- @1.1 
2026-05-23 12:11:44,683 - INFO - Scenario status: passed
2026-05-23 12:11:44,683 - INFO - ------------------------------------------------
2026-05-23 12:11:45,011 - INFO - Screenshot captured successfully: C:\CapstoneProject\BBD_Apollo\reports\screenshots\passed_validate_category_visibility_--_@1.1__20260523_121144.png
2026-05-23 12:11:45,024 - INFO - Screenshot attached to Allure report
2026-05-23 12:11:45,026 - INFO - Log file attached to Allure report
2026-05-23 12:11:45,029 - INFO - ------------------------------------------------
2026-05-23 12:11:45,030 - INFO - Scenario started: Validate category visibility -- @1.2 
2026-05-23 12:11:45,030 - INFO - ------------------------------------------------
2026-05-23 12:11:46,248 - INFO - Checking popup on page
2026-05-23 12:11:46,254 - INFO - Locating element: ('xpath', "//*[normalize-space()='Pain Relief']")
2026-05-23 12:11:46,623 - INFO - ------------------------------------------------
2026-05-23 12:11:46,624 - INFO - Scenario finished: Validate category visibility -- @1.2 
2026-05-23 12:11:46,624 - INFO - Scenario status: passed
2026-05-23 12:11:46,624 - INFO - ------------------------------------------------
2026-05-23 12:11:47,146 - INFO - Screenshot captured successfully: C:\CapstoneProject\BBD_Apollo\reports\screenshots\passed_validate_category_visibility_--_@1.2__20260523_121146.png
2026-05-23 12:11:47,154 - INFO - Screenshot attached to Allure report
2026-05-23 12:11:47,155 - INFO - Log file attached to Allure report
2026-05-23 12:11:47,157 - INFO - ------------------------------------------------
2026-05-23 12:11:47,157 - INFO - Scenario started: Validate category visibility -- @1.3 
2026-05-23 12:11:47,158 - INFO - ------------------------------------------------
2026-05-23 12:11:48,549 - INFO - Checking popup on page
2026-05-23 12:11:48,553 - INFO - Locating element: ('xpath', "//*[normalize-space()='Baby Care']")
2026-05-23 12:11:48,588 - INFO - ------------------------------------------------
2026-05-23 12:11:48,588 - INFO - Scenario finished: Validate category visibility -- @1.3 
2026-05-23 12:11:48,588 - INFO - Scenario status: passed
2026-05-23 12:11:48,588 - INFO - ------------------------------------------------
2026-05-23 12:11:48,757 - INFO - Screenshot captured successfully: C:\CapstoneProject\BBD_Apollo\reports\screenshots\passed_validate_category_visibility_--_@1.3__20260523_121148.png
2026-05-23 12:11:48,767 - INFO - Screenshot attached to Allure report
2026-05-23 12:11:48,768 - INFO - Log file attached to Allure report
2026-05-23 12:11:48,771 - INFO - ------------------------------------------------
2026-05-23 12:11:48,771 - INFO - Scenario started: Validate category visibility -- @1.4 
2026-05-23 12:11:48,771 - INFO - ------------------------------------------------
2026-05-23 12:11:49,974 - INFO - Checking popup on page
2026-05-23 12:11:50,001 - INFO - Locating element: ('xpath', "//*[normalize-space()='Fake Category']")
2026-05-23 12:11:52,383 - INFO - ------------------------------------------------
2026-05-23 12:11:52,383 - INFO - Scenario finished: Validate category visibility -- @1.4 
2026-05-23 12:11:52,383 - INFO - Scenario status: passed
2026-05-23 12:11:52,383 - INFO - ------------------------------------------------
2026-05-23 12:11:52,565 - INFO - Screenshot captured successfully: C:\CapstoneProject\BBD_Apollo\reports\screenshots\passed_validate_category_visibility_--_@1.4__20260523_121152.png
2026-05-23 12:11:52,577 - INFO - Screenshot attached to Allure report
2026-05-23 12:11:52,579 - INFO - Log file attached to Allure report
2026-05-23 12:11:52,581 - INFO - ------------------------------------------------
2026-05-23 12:11:52,581 - INFO - Scenario started: Validate category visibility -- @1.5 
2026-05-23 12:11:52,582 - INFO - ------------------------------------------------
2026-05-23 12:11:53,713 - INFO - Checking popup on page
2026-05-23 12:11:54,093 - INFO - Locating element: ('xpath', "//*[normalize-space()='Invalid Product']")
2026-05-23 12:11:56,184 - INFO - ------------------------------------------------
2026-05-23 12:11:56,185 - INFO - Scenario finished: Validate category visibility -- @1.5 
2026-05-23 12:11:56,185 - INFO - Scenario status: passed
2026-05-23 12:11:56,185 - INFO - ------------------------------------------------
2026-05-23 12:11:56,365 - INFO - Screenshot captured successfully: C:\CapstoneProject\BBD_Apollo\reports\screenshots\passed_validate_category_visibility_--_@1.5__20260523_121156.png
2026-05-23 12:11:56,377 - INFO - Screenshot attached to Allure report
2026-05-23 12:11:56,378 - INFO - Log file attached to Allure report
2026-05-23 12:11:56,382 - INFO - ------------------------------------------------
2026-05-23 12:11:56,382 - INFO - Scenario started: Open Health Monitors category
2026-05-23 12:11:56,382 - INFO - ------------------------------------------------
2026-05-23 12:11:57,912 - INFO - Opening Health Monitors category
2026-05-23 12:11:57,912 - INFO - Checking popup on page
2026-05-23 12:11:57,917 - INFO - Locating element: ('xpath', "//*[normalize-space()='Health Monitors']")
2026-05-23 12:11:58,943 - INFO - Locating element: ('xpath', "//*[normalize-space()='Health Monitors']")
2026-05-23 12:12:04,019 - INFO - Health Monitors click failed: Message: 

2026-05-23 12:12:04,019 - INFO - Opening Health Monitors page directly
2026-05-23 12:12:14,437 - INFO - Current URL is: https://www.apollopharmacy.in/shop-by-category/apollo-brand-health-monitors
2026-05-23 12:12:14,437 - INFO - ------------------------------------------------
2026-05-23 12:12:14,437 - INFO - Scenario finished: Open Health Monitors category
2026-05-23 12:12:14,437 - INFO - Scenario status: passed
2026-05-23 12:12:14,438 - INFO - ------------------------------------------------
2026-05-23 12:12:14,544 - INFO - Screenshot captured successfully: C:\CapstoneProject\BBD_Apollo\reports\screenshots\passed_open_health_monitors_category_20260523_121214.png
2026-05-23 12:12:14,554 - INFO - Screenshot attached to Allure report
2026-05-23 12:12:14,555 - INFO - Log file attached to Allure report
2026-05-23 12:12:14,557 - INFO - ------------------------------------------------
2026-05-23 12:12:14,557 - INFO - Scenario started: Apply Doctor S Choice filter
2026-05-23 12:12:14,557 - INFO - ------------------------------------------------
2026-05-23 12:12:17,187 - INFO - Opening Health Monitors category
2026-05-23 12:12:17,187 - INFO - Checking popup on page
2026-05-23 12:12:17,192 - INFO - Locating element: ('xpath', "//*[normalize-space()='Health Monitors']")
2026-05-23 12:12:18,225 - INFO - Locating element: ('xpath', "//*[normalize-space()='Health Monitors']")
2026-05-23 12:12:23,312 - INFO - Health Monitors click failed: Message: 

2026-05-23 12:12:23,312 - INFO - Opening Health Monitors page directly
2026-05-23 12:12:29,722 - INFO - Current URL is: https://www.apollopharmacy.in/shop-by-category/apollo-brand-health-monitors
2026-05-23 12:12:29,723 - INFO - Checking Brands filter visibility
2026-05-23 12:12:34,883 - INFO - Applying Doctor S Choice brand filter
2026-05-23 12:12:34,883 - INFO - Checking popup on page
2026-05-23 12:12:34,893 - INFO - Opening Brands filter
2026-05-23 12:12:34,894 - INFO - Checking popup on page
2026-05-23 12:12:48,948 - INFO - Current URL is: https://www.apollopharmacy.in/shop-by-category/apollo-brand-health-monitors
2026-05-23 12:12:48,948 - INFO - ------------------------------------------------
2026-05-23 12:12:48,949 - INFO - Scenario finished: Apply Doctor S Choice filter
2026-05-23 12:12:48,949 - INFO - Scenario status: passed
2026-05-23 12:12:48,949 - INFO - ------------------------------------------------
2026-05-23 12:12:49,039 - INFO - Screenshot captured successfully: C:\CapstoneProject\BBD_Apollo\reports\screenshots\passed_apply_doctor_s_choice_filter_20260523_121248.png
2026-05-23 12:12:49,054 - INFO - Screenshot attached to Allure report
2026-05-23 12:12:49,055 - INFO - Log file attached to Allure report
2026-05-23 12:12:49,057 - INFO - ------------------------------------------------
2026-05-23 12:12:49,057 - INFO - Scenario started: Add Doctor S Choice product to cart
2026-05-23 12:12:49,057 - INFO - ------------------------------------------------
2026-05-23 12:12:51,428 - INFO - Add product attempt: 1
2026-05-23 12:12:57,834 - INFO - Applying Doctor S Choice brand filter
2026-05-23 12:12:57,834 - INFO - Checking popup on page
2026-05-23 12:12:57,840 - INFO - Opening Brands filter
2026-05-23 12:12:57,840 - INFO - Checking popup on page
2026-05-23 12:13:11,882 - INFO - Locating element: ('xpath', "(//button[@aria-label='Add' and .//span[normalize-space()='Add']])[1]")
2026-05-23 12:13:21,973 - INFO - Opening cart
2026-05-23 12:13:21,973 - INFO - Checking popup on page
2026-05-23 12:13:21,977 - INFO - Clicking element: ('xpath', "//*[contains(@href,'cart') or contains(@class,'cart') or contains(text(),'Cart')]")
2026-05-23 12:13:21,978 - INFO - Locating element: ('xpath', "//*[contains(@href,'cart') or contains(@class,'cart') or contains(text(),'Cart')]")
2026-05-23 12:13:34,968 - INFO - ------------------------------------------------
2026-05-23 12:13:34,969 - INFO - Scenario finished: Add Doctor S Choice product to cart
2026-05-23 12:13:34,969 - INFO - Scenario status: passed
2026-05-23 12:13:34,969 - INFO - ------------------------------------------------
2026-05-23 12:13:35,056 - INFO - Screenshot captured successfully: C:\CapstoneProject\BBD_Apollo\reports\screenshots\passed_add_doctor_s_choice_product_to_cart_20260523_121334.png
2026-05-23 12:13:35,063 - INFO - Screenshot attached to Allure report
2026-05-23 12:13:35,064 - INFO - Log file attached to Allure report
2026-05-23 12:13:35,067 - INFO - ------------------------------------------------
2026-05-23 12:13:35,067 - INFO - Scenario started: Proceed after adding product to cart
2026-05-23 12:13:35,067 - INFO - ------------------------------------------------
2026-05-23 12:13:37,211 - INFO - Add product attempt: 1
2026-05-23 12:13:43,611 - INFO - Applying Doctor S Choice brand filter
2026-05-23 12:13:43,611 - INFO - Checking popup on page
2026-05-23 12:13:43,616 - INFO - Opening Brands filter
2026-05-23 12:13:43,617 - INFO - Checking popup on page
2026-05-23 12:13:57,658 - INFO - Locating element: ('xpath', "(//button[@aria-label='Add' and .//span[normalize-space()='Add']])[1]")
2026-05-23 12:14:07,739 - INFO - Opening cart
2026-05-23 12:14:07,739 - INFO - Checking popup on page
2026-05-23 12:14:07,744 - INFO - Clicking element: ('xpath', "//*[contains(@href,'cart') or contains(@class,'cart') or contains(text(),'Cart')]")
2026-05-23 12:14:07,744 - INFO - Locating element: ('xpath', "//*[contains(@href,'cart') or contains(@class,'cart') or contains(text(),'Cart')]")
2026-05-23 12:14:33,058 - INFO - ------------------------------------------------
2026-05-23 12:14:33,058 - INFO - Scenario finished: Proceed after adding product to cart
2026-05-23 12:14:33,058 - INFO - Scenario status: passed
2026-05-23 12:14:33,058 - INFO - ------------------------------------------------
2026-05-23 12:14:33,122 - INFO - Screenshot captured successfully: C:\CapstoneProject\BBD_Apollo\reports\screenshots\passed_proceed_after_adding_product_to_cart_20260523_121433.png
2026-05-23 12:14:33,134 - INFO - Screenshot attached to Allure report
2026-05-23 12:14:33,135 - INFO - Log file attached to Allure report
2026-05-23 12:14:33,139 - INFO - Waiting 6 seconds before closing browser
2026-05-23 12:14:41,655 - INFO - Browser closed successfully
2026-05-23 12:14:41,655 - INFO - BDD AUTOMATION EXECUTION FINISHED
2026-05-23 12:14:41,655 - INFO - ============================================
2026-05-23 12:14:41,899 - INFO - Running command: allure generate reports\allure-results -o reports\allure-report --clean
2026-05-23 12:14:44,952 - INFO - AUTOMATION EXECUTION COMPLETED SUCCESSFULLY
2026-05-23 12:14:44,952 - INFO - ============================================
